
=== Sun Apr 25 19:54:42 2021

Packages were changed.
Update Mode: mergeDefaultDependencies

The following packages were added:
  com.unity.collab-proxy@1.3.9
  com.unity.ide.rider@2.0.7
  com.unity.ide.visualstudio@2.0.7
  com.unity.ide.vscode@1.2.3
  com.unity.modules.ai@1.0.0
  com.unity.modules.androidjni@1.0.0
  com.unity.modules.animation@1.0.0
  com.unity.modules.assetbundle@1.0.0
  com.unity.modules.audio@1.0.0
  com.unity.modules.cloth@1.0.0
  com.unity.modules.director@1.0.0
  com.unity.modules.imageconversion@1.0.0
  com.unity.modules.imgui@1.0.0
  com.unity.modules.jsonserialize@1.0.0
  com.unity.modules.particlesystem@1.0.0
  com.unity.modules.physics@1.0.0
  com.unity.modules.physics2d@1.0.0
  com.unity.modules.screencapture@1.0.0
  com.unity.modules.terrain@1.0.0
  com.unity.modules.terrainphysics@1.0.0
  com.unity.modules.tilemap@1.0.0
  com.unity.modules.ui@1.0.0
  com.unity.modules.uielements@1.0.0
  com.unity.modules.umbra@1.0.0
  com.unity.modules.unityanalytics@1.0.0
  com.unity.modules.unitywebrequest@1.0.0
  com.unity.modules.unitywebrequestassetbundle@1.0.0
  com.unity.modules.unitywebrequestaudio@1.0.0
  com.unity.modules.unitywebrequesttexture@1.0.0
  com.unity.modules.unitywebrequestwww@1.0.0
  com.unity.modules.vehicles@1.0.0
  com.unity.modules.video@1.0.0
  com.unity.modules.vr@1.0.0
  com.unity.modules.wind@1.0.0
  com.unity.modules.xr@1.0.0
  com.unity.test-framework@1.1.24
  com.unity.textmeshpro@3.0.4
  com.unity.timeline@1.4.7
  com.unity.ugui@1.0.0
The following packages were updated:
  com.unity.2d.animation from version 5.0.1 to 5.0.4
  com.unity.2d.psdimporter from version 4.0.1 to 4.0.2
  com.unity.2d.spriteshape from version 5.0.1 to 5.1.1

=== Wed Jun  9 16:02:52 2021

Packages were changed.
Update Mode: updateDependencies

The following packages were updated:
  com.unity.2d.animation from version 5.0.4 to 5.0.5
  com.unity.2d.spriteshape from version 5.1.1 to 5.1.2
  com.unity.collab-proxy from version 1.3.9 to 1.5.7
  com.unity.ide.visualstudio from version 2.0.7 to 2.0.8
  com.unity.textmeshpro from version 3.0.4 to 3.0.6
  com.unity.timeline from version 1.4.7 to 1.4.8

=== Mon Sep 21 09:42:57 2026

Packages were changed.
Update Mode: updateDependencies

The following packages were added:
  com.unity.modules.adaptiveperformance@1.0.0
  com.unity.modules.physicscore2d@1.0.0
  com.unity.modules.tetgen@1.0.0
  com.unity.modules.timelinefoundation@1.0.0
  com.unity.modules.vectorgraphics@1.0.0
  com.unity.ai.navigation@2.0.14
  com.unity.modules.accessibility@1.0.0
  com.unity.multiplayer.center@2.0.1
The following packages were updated:
  com.unity.2d.animation from version 5.0.5 to 16.0.0
  com.unity.2d.pixel-perfect from version 4.0.1 to 6.0.0
  com.unity.2d.psdimporter from version 4.0.2 to 15.0.0
  com.unity.2d.spriteshape from version 5.1.2 to 16.0.0
  com.unity.collab-proxy from version 1.5.7 to 2.13.6
  com.unity.ide.rider from version 2.0.7 to 3.0.38
  com.unity.ide.visualstudio from version 2.0.8 to 2.0.26
  com.unity.test-framework from version 1.1.24 to 1.8.0
  com.unity.timeline from version 1.4.8 to 6.6.0
  com.unity.ugui from version 1.0.0 to 2.6.0
The following packages were removed:
  com.unity.textmeshpro@3.0.6
  com.unity.modules.vr@1.0.0
